WARNING: A terminally deprecated method in sun.misc.Unsafe has been called
WARNING: sun.misc.Unsafe::staticFieldBase has been called by com.google.inject.internal.aop.HiddenClassDefiner (file:/C:/ProgramData/chocolatey/lib/maven/apache-maven-3.9.11/lib/guice-5.1.0-classes.jar)
WARNING: Please consider reporting this to the maintainers of class com.google.inject.internal.aop.HiddenClassDefiner
WARNING: sun.misc.Unsafe::staticFieldBase will be removed in a future release
[INFO] Scanning for projects...
[INFO] 
[INFO] ---------------------< io.github.sirmathhman:tuff >---------------------
[INFO] Building Tuff 1.0.0-SNAPSHOT
[INFO]   from pom.xml
[INFO] --------------------------------[ jar ]---------------------------------
[INFO] 
[INFO] --- resources:3.3.1:resources (default-resources) @ tuff ---
[INFO] skip non existing resourceDirectory C:\Users\mathm\IdeaProjects\Tuff\src\main\resources
[INFO] 
[INFO] --- compiler:3.13.0:compile (default-compile) @ tuff ---
[INFO] Nothing to compile - all classes are up to date.
[INFO] ------------------------------------------------------------------------
[INFO] BUILD SUCCESS
[INFO] ------------------------------------------------------------------------
[INFO] Total time:  0.416 s
[INFO] Finished at: 2026-01-19T01:22:20-05:00
[INFO] ------------------------------------------------------------------------
