$ node --import tsx --loader ./test/bun-test-loader.ts --test test/node-test.ts
(node:21280) ExperimentalWarning: `--experimental-loader` may be removed in the future; instead use `register()`:
--import 'data:text/javascript,import { register } from "node:module"; import { pathToFileURL } from "node:url"; register("./test/bun-test-loader.ts", pathToFileURL("./")); register("./test/bun-test-loader.ts", pathToFileURL("./"));'
(Use `node --trace-warnings ...` to show where the warning was created)
Γ£ö evaluate("") => 0 (1.0479ms)
Γ£ö evaluateModules(["main"], {["main"] : "100"}) => 100 (0.9597ms)
Γ£ö evaluateModules(["main"], {["main"] : "lib.x", ["lib"] : "out let x = 100;"}) => 100 (0.2454ms)
Γ£ö evaluateModules(["main"], {["main"] : "lib.get()", ["lib"] : "out fn get() => 100;"}) => 100 (0.1327ms)
Γ£ö evaluateModules(["main"], {["main"] : "lib::foo.get()", ["lib", "foo"] : "out fn get() => 100;"}) => 100 (0.1275ms)
Γ£ö evaluateModules(["main"], {["main"] : "lib { x : 100 }.y", ["lib"] : "in let x : I32; out let y = x;"}) => 100 (0.3278ms)
Γ£ö evaluate(" ") => 0 (0.0777ms)
Γ£ö evaluate("1") => 1 (0.1378ms)
Γ£ö evaluate("100U8") => 100 (0.1552ms)
Γ£ö evaluate("256U8") => Error (0.1979ms)
Γ£ö evaluate("-100U8") => Error (0.1002ms)
Γ£ö evaluate("let x : U8 = 256;") => Error (0.1027ms)
Γ£ö evaluate("let x : U8 = 1U8; x") => 1 (0.1067ms)
Γ£ö evaluate("let x : U16 = 1U8; x") => 1 (0.0994ms)
Γ£ö evaluate("let x : U8 = 1U16; x") => Error (0.0989ms)
Γ£ö evaluate("1 + 2") => 3 (0.1565ms)
Γ£ö evaluate("1 + 2 + 3") => 6 (0.1053ms)
Γ£ö evaluate("2 + 3 - 1") => 4 (0.1053ms)
Γ£ö evaluate("2 * 3 + 4") => 10 (0.0931ms)
Γ£ö evaluate("2 + 3 * 4") => 14 (0.1018ms)
Γ£ö evaluate("(2 + 3) * 4") => 20 (0.1178ms)
Γ£ö evaluate("{ 2 + 3 } * 4") => 20 (0.1107ms)
Γ£ö evaluate("{ let x = 2 + 3; x } * 4") => 20 (0.0983ms)
Γ£ö evaluate("let y = { let x = 2 + 3; x } * 4; y") => 20 (0.1268ms)
Γ£ö evaluate("let x = 0; let x = 1; x") => 1 (0.0898ms)
Γ£ö evaluate("let x = { let y = 100; }; x") => Error (0.0768ms)
Γ£ö evaluate("let mut x = 0; x = 1; x") => 1 (0.1443ms)
Γ£ö evaluate("let x = true; x") => 1 (0.092ms)
Γ£ö evaluate("let x : Bool = true; x") => 1 (0.1087ms)
Γ£ö evaluate("let array : [I32; 3] = [1, 2, 3];") => 0 (0.1834ms)
Γ£ö evaluate("let array : [[I32; 2]; 2] = [[0, 1], [2, 3]];") => 0 (0.1401ms)
Γ£ö evaluate("let x = false; x") => 0 (0.0786ms)
Γ£ö evaluate("let x = 2; let y = 2; x == y") => 1 (0.115ms)
Γ£ö evaluate("true == 1") => 0 (0.0762ms)
Γ£ö evaluate("let x = true; let y = false; x || y") => 1 (0.1071ms)
Γ£ö evaluate("let x = true; let y = false; x && y") => 0 (0.0856ms)
Γ£ö evaluate("1 < 2") => 1 (0.0809ms)
Γ£ö evaluate("2 < 1") => 0 (0.0582ms)
Γ£ö evaluate("1 <= 1") => 1 (0.0607ms)
Γ£ö evaluate("2 <= 1") => 0 (0.0646ms)
Γ£ö evaluate("2 > 1") => 1 (0.0858ms)
Γ£ö evaluate("1 > 2") => 0 (0.1371ms)
Γ£ö evaluate("1 >= 1") => 1 (0.076ms)
Γ£ö evaluate("1 >= 2") => 0 (0.0575ms)
Γ£ö evaluate("1 != 2") => 1 (0.0576ms)
Γ£ö evaluate("1 != 1") => 0 (0.052ms)
Γ£ö evaluate("let x = true; !x") => 0 (0.0886ms)
Γ£ö evaluate("let x = 100; -x") => -100 (0.1028ms)
Γ£ö evaluate("let x = if (false) 2 else 3; x") => 3 (0.0986ms)
Γ£ö evaluate("let x = if (false) 2 else if (false) 3 else 4; x") => 4 (0.0855ms)
Γ£ö evaluate("let mut x = 0; { x = 1; } x") => 1 (0.0895ms)
Γ£ö evaluate("let mut x = 0; if (false) { x = 1; } else { x = 2; } x") => 2 (0.1404ms)
Γ£ö evaluate("let mut x = 0; if (false) x = 1; else x = 2; x") => 2 (0.0947ms)
Γ£ö evaluate("let mut x = 1; x += 2; x") => 3 (0.0843ms)
Γ£ö evaluate("let mut x = 0; while (x < 4) { x += 1; } x") => 4 (0.1173ms)
Γ£ö evaluate("let mut x = 0; while (x < 4) { x += 1; continue; } x") => 4 (0.2866ms)
Γ£ö evaluate("let mut x = 0; while (x < 4) { x += 1; break; } x") => 1 (0.1448ms)
Γ£ö evaluate("let mut x = 0; while (x < 4) x += 1; x") => 4 (0.0924ms)
Γ£ö evaluate("let mut x = 0; if (true) x = 4; x") => 4 (0.0785ms)
Γ£ö "apple"[0]" => 97 (0.1041ms)
Γ£ö "apple".length" => 5 (0.0972ms)
Γ£ö "test" == "test" => 1 (0.0633ms)
Γ£ö "apple" < "banana" => 1 (0.0545ms)
Γ£ö fn get() => { if (true) yield 1; 2 } + 3; get() => 4 (0.1877ms)
Γ£ö let array = [100]; let array0 = [array]; let temp = array0[0]; temp[0] => 100 (0.6881ms)
Γ£ö let array0 = [[100]]; array0[0][0] => 100 (0.1414ms)
Γ£ö fn get() => { if (true) return 1; 2 } + 3; get() => 1 (0.1884ms)
Γ£ö let mut x = 0; fn doNothing() => { if (true) return; x += 1; } doNothing(); x => 0 (0.1889ms)
Γ£ö let pt = { x : 3, y : 4 }; pt.x + pt.y => 7 (0.1409ms)
Γ£û struct Point { x : I32, y : I32 } let pt : Point = Point { x : 3, y : 4 }; pt.x + pt.y => 7 (0.2092ms)
Γ£ö enum Color { Red, Green, Blue } Color::Red == Color::Red && Color::Red != 0 => 1 (0.1388ms)
Γ£ö let pt : { x : I32, y : I32 } = { x : 3, y : 4 }; pt.x + pt.y => 7 (0.1673ms)
Γ£ö let mut array = [0]; array[0] = 100; array[0] => 100 (0.1062ms)
Γ£ö evaluate("let x = { if (true) yield 4; 0 }; x") => 4 (0.1881ms)
Γ£ö evaluate("fn add(x : I32, y : I32) => x + y; add(3, 4)") => 7 (0.1783ms)
Γ£ö evaluate("fn doNothing(param) => {}") => Error (0.0755ms)
Γ£ö evaluate("fn doNothing(param : I32) => {}") => 0 (0.0794ms)
Γ£ö evaluate("fn doNothing(param : U8) => {} doNothing(100U16)") => Error (0.1397ms)
Γ£ö evaluate("fn add(x : I32, y : I32) => { x + y } add(3, 4)") => 7 (0.1298ms)
Γ£ö evaluate("let mut x = 0; fn addOnce() => { x += 1; } addOnce(); x") => 1 (0.1043ms)
Γ£ö evaluate("let x = 100; let y = &x; *y") => 100 (0.0977ms)
Γ£ö evaluate("let x = 100; let y : &I32 = &x; *y") => 100 (0.0905ms)
Γ£ö evaluate("let mut x = 0; let y = &mut x; *y = 100;  x") => 100 (0.0908ms)
Γ£ö evaluate("let tuple = (3, 4); tuple.0 + tuple.1") => 7 (0.1155ms)
Γ£ö evaluate("fn get() => 100; let func = get; func()") => 100 (0.0869ms)
Γ£ö evaluate("let mut sum = 0; for (i in 0..4) sum += i; sum") => 6 (0.1836ms)
Γ£ö evaluate("let x = match (1) { case 1 => 2; case _ => 3; }; x") => 2 (0.132ms)
Γ£ö evaluate("let x = match (4) { case 1 => 2; case _ => 3; }; x") => 3 (0.1168ms)
Γ£ö evaluate("let x = null; x") => 0 (0.0769ms)
Γ£ö evaluate("let array = [1, 2, 3]; array[0] + array[1] + array[2]") => 6 (0.0823ms)
Γ£ö 'a' => 97 (0.0583ms)
Γ£ö '\n' => 10 (0.0638ms)
Γ£ö evaluate("let array = [1, 2, 3]; array.length") => 3 (0.101ms)
Γ£ö evaluate("fn factorial(n : I32) => if (n <= 1) 1 else n * factorial(n - 1); factorial(5)") => 120 (0.1784ms)
Γ£ö evaluate("10 % 3") => 1 (0.0597ms)
Γ£ö evaluate("let mut x = 0; x -= 1; x") => -1 (0.1294ms)
Γ£ö evaluate("100U8 is U8") => 1 (0.095ms)
Γ£ö evaluate("let x = 100U8; x is U8") => 1 (0.0734ms)
Γ£ö evaluate("100U8 is I32") => 0 (0.0991ms)
Γ£û evaluate("let x = 5; x is U8") => 0 (1.5039ms)
Γ£ö evaluate("let x : U8 = 5; x is U8") => 1 (0.1302ms)
Γ£ö evaluate("let value : Bool | I32 = 100; value is I32") => 1 (0.1649ms)
Γ£ö evaluate("true is bool") => 1 (0.105ms)
Γ£ö evaluate("1 is bool") => 0 (0.0691ms)
Γ£ö evaluate(""hello" is string") => 1 (0.0597ms)
Γ£ö evaluate("(1, 2) is tuple") => 1 (0.0662ms)
Γ£ö evaluate("[1, 2] is array") => 1 (0.0625ms)
Γ£ö evaluate("null is null") => 1 (0.0647ms)
Γ£ö evaluate("let x = { a : 1 }; x is record") => 1 (0.0946ms)
Γ£ö evaluate("type MyAlias = I32; let x : MyAlias = 100; x is MyAlias && x is I32") => 1 (0.1337ms)
Γ£ö evaluate("type A = B; type B = A;") => Error (0.0879ms)
Γä╣ tests 111
Γä╣ suites 0
Γä╣ pass 109
Γä╣ fail 2
Γä╣ cancelled 0
Γä╣ skipped 0
Γä╣ todo 0
Γä╣ duration_ms 192.0515

Γ£û failing tests:

test at test\bun-test-shim.ts:1:226
Γ£û struct Point { x : I32, y : I32 } let pt : Point = Point { x : 3, y : 4 }; pt.x + pt.y => 7 (0.2092ms)
  Error
      at checkValueAgainstType (C:\Projects\Tuff\src\typesystem.ts:132:25)
      at visit (C:\Projects\Tuff\src\evaluator.ts:142:11)
      at visit (C:\Projects\Tuff\src\evaluator.ts:203:31)
      at evalAst (C:\Projects\Tuff\src\evaluator.ts:462:10)
      at evaluate (C:\Projects\Tuff\index.ts:9:17)
      at expectValid (C:\Projects\Tuff\test\helpers.ts:14:10)
      at <anonymous> (C:\Projects\Tuff\index.test.ts:281:3)
      at TestContext.<anonymous> (C:\Projects\Tuff\test\bun-test-shim.ts:8:5)
      at Test.runInAsyncScope (node:async_hooks:226:14)
      at Test.run (node:internal/test_runner/test:1382:25)

test at test\bun-test-shim.ts:1:226
Γ£û evaluate("let x = 5; x is U8") => 0 (1.5039ms)
  AssertionError [ERR_ASSERTION]: Expected values to be strictly equal:
  
  1 !== 0
  
      at Object.toBe (C:\Projects\Tuff\test\bun-test-shim.ts:23:14)
      at expectValid (C:\Projects\Tuff\test\helpers.ts:14:33)
      at <anonymous> (C:\Projects\Tuff\index.test.ts:401:3)
      at TestContext.<anonymous> (C:\Projects\Tuff\test\bun-test-shim.ts:8:5)
      at Test.runInAsyncScope (node:async_hooks:226:14)
      at Test.run (node:internal/test_runner/test:1382:25)
      at Test.processPendingSubtests (node:internal/test_runner/test:960:18)
      at Test.postRun (node:internal/test_runner/test:1522:19)
      at Test.run (node:internal/test_runner/test:1447:12)
      at process.processTicksAndRejections (node:internal/process/task_queues:104:5) {
    generatedMessage: true,
    code: 'ERR_ASSERTION',
    actual: 1,
    expected: 0,
    operator: 'strictEqual',
    diff: 'simple'
  }
error: script "test" exited with code 1
